train rows 1200 | string-leaf Jaccard >= 0.5 (barrier measure): 587
identical full state (keys, numbers, strings) to a test item: 0
of those, best full-state Jaccard (numbers included): median 0.677 p90 0.786 max 0.900; >=0.9: 1, >=0.8: 44
label agreement, near pair (train vs its nearest test item): mean per-question 0.406, all questions equal 38/587
label agreement, random same-workflow train/test pair: mean per-question 0.416, all equal 0.053
  leaf Jaccard [0.5,0.6):  263 rows, full-state Jaccard median 0.652, label agreement 0.453, all-equal 19
  leaf Jaccard [0.6,0.7):  176 rows, full-state Jaccard median 0.679, label agreement 0.386, all-equal 10
  leaf Jaccard [0.7,0.8):   79 rows, full-state Jaccard median 0.748, label agreement 0.362, all-equal 4
  leaf Jaccard [0.8,0.9):   41 rows, full-state Jaccard median 0.789, label agreement 0.293, all-equal 3
  leaf Jaccard [0.9,1.0):   28 rows, full-state Jaccard median 0.848, label agreement 0.386, all-equal 2
by workflow (near rows / train rows): {'agent_trace_observability': (298, 300), 'customer_service': (0, 300), 'invoice_processing': (289, 300), 'security_incidents': (0, 300)}
----------------------------------------------------------------------------------------------------
leaf Jaccard 1.000 (full-state 0.822)  train tr_agent_trace_observability_000161 (agent_trace_observability)  vs  harness typed_decisions/29
TRAIN: {"agent": {"autonomy": "unsupervised", "model": "internal-agent-v1"}, "constraints": ["Never delete anything matching release/*"], "task": "Update every service to the patched logging library.", "trace_summary": {"constraint_violations": 1, "duration_s": 138.0, "irreversible_actions": 1, "steps": 11, "tool_errors": 0}}
TEST:  {"agent": {"autonomy": "unsupervised", "model": "internal-agent-v1"}, "constraints": ["Never delete anything matching release/*"], "task": "Update every service to the patched logging library.", "trace_summary": {"constraint_violations": 0, "duration_s": 227.6, "irreversible_actions": 0, "steps": 3, "tool_errors": 2}}
gold train: {'action': 'human_review', 'needs_review': 'true', 'outcome': 'harmful', 'risk': '3', 'urgency': '3'}
gold test:  {'action': 'observe', 'needs_review': 'true', 'outcome': 'partial', 'risk': '1', 'urgency': '1'}
----------------------------------------------------------------------------------------------------
leaf Jaccard 0.688 (full-state 0.731)  train tr_invoice_processing_000111 (invoice_processing)  vs  harness typed_decisions/277
TRAIN: {"delivery": {"condition": "accepted with exceptions", "date": "2026-03-07", "received_qty": 1000}, "invoice": {"currency": "USD", "id": "INV-2026-5057", "lines": [{"qty": 1000, "sku": "SKU-452", "total_usd": 137220.0, "unit_usd": 137.22}], "total_usd": 137220.0, "vendor": "Northwind Components"}, "payment": {"days_until_due": 27, "discount_expires_in_days": null, "early_payment_discount_pct": null, "status": "scheduled", "terms": "net 30"}, "purchase_order": {"freight_terms": "freight prepaid by vendor, not separately billable", "id": "PO-8637", "lines": [{"qty": 1000, "unit_usd": 137.22}], "total_usd": 137220.0}, "vendor_history": {"disputes_12m": 0, "invoices_12m": 11, "prior_invoice_ids"
TEST:  {"delivery": {"condition": "accepted with exceptions", "date": "2026-03-17", "received_qty": 100}, "invoice": {"currency": "USD", "id": "INV-2026-8043", "lines": [{"qty": 100, "sku": "SKU-390", "total_usd": 18642.0, "unit_usd": 186.42}], "total_usd": 18642.0, "vendor": "Northwind Components"}, "payment": {"days_until_due": 0, "discount_expires_in_days": null, "early_payment_discount_pct": null, "status": "scheduled", "terms": "net 30"}, "purchase_order": {"freight_terms": "freight prepaid by vendor, not separately billable", "id": "PO-8972", "lines": [{"qty": 100, "unit_usd": 219.32}], "total_usd": 21932.0}, "vendor_history": {"disputes_12m": 0, "invoices_12m": 20, "prior_invoice_ids": ["INV
gold train: {'discrepancy_severity': '2', 'disposition': 'hold', 'duplicate': 'false', 'matches_order': 'false', 'urgency': '1'}
gold test:  {'discrepancy_severity': '3', 'disposition': 'manual_review', 'duplicate': 'false', 'matches_order': 'false', 'urgency': '2'}
HIGHEST FULL-STATE MATCH
----------------------------------------------------------------------------------------------------
leaf Jaccard 1.000 (full-state 0.900)  train tr_agent_trace_observability_000190 (agent_trace_observability)  vs  harness typed_decisions/10
TRAIN: {"agent": {"autonomy": "checkpointed", "model": "internal-agent-v3"}, "constraints": ["Do not touch customer data outside the named accounts"], "task": "Update every service to the patched logging library.", "trace_summary": {"constraint_violations": 0, "duration_s": 360.4, "irreversible_actions": 1, "steps": 11, "tool_errors": 0}}
TEST:  {"agent": {"autonomy": "checkpointed", "model": "internal-agent-v3"}, "constraints": ["Do not touch customer data outside the named accounts"], "task": "Update every service to the patched logging library.", "trace_summary": {"constraint_violations": 0, "duration_s": 99.3, "irreversible_actions": 0, "steps": 11, "tool_errors": 1}}
gold train: {'action': 'observe', 'needs_review': 'false', 'outcome': 'success', 'risk': '2', 'urgency': '0'}
gold test:  {'action': 'continue', 'needs_review': 'false', 'outcome': 'success', 'risk': '1', 'urgency': '1'}
