train rows 1200 columns ['id', 'workflow', 'split', 'state', 'questions', 'gold', 'factors', 'label_agreement', 'n_questions']
harness items 400
train rows with best exact Jaccard >= t: {0.4: 608, 0.5: 587, 0.6: 324, 0.7: 148, 0.8: 69, 0.9: 28, 0.95: 7, 0.99: 7, 1.0: 7}
same workflow for >=0.5: Counter({True: 587})
harness-vs-harness same-workflow random pairs: median 0.127 p90 0.395 p99 0.559 max 0.662; share >=0.5 0.016
harness items whose nearest other harness item >= 0.5: 195 of 400 median nn 0.429
====================================================================================================
measure 1.000  train row 161 (workflow agent_trace_observability)  vs  harness typed_decisions/29 (workflow agent_trace_observability)
TRAIN state: {"agent": {"autonomy": "unsupervised", "model": "internal-agent-v1"}, "constraints": ["Never delete anything matching release/*"], "task": "Update every service to the patched logging library.", "trace_summary": {"constraint_violations": 1, "duration_s": 138.0, "irreversible_actions": 1, "steps": 11, "tool_errors": 0}}
TEST  state: {"agent": {"autonomy": "unsupervised", "model": "internal-agent-v1"}, "constraints": ["Never delete anything matching release/*"], "task": "Update every service to the patched logging library.", "trace_summary": {"constraint_violations": 0, "duration_s": 227.6, "irreversible_actions": 0, "steps": 3, "tool_errors": 2}}
questions equal: True | train q: ['action', 'needs_review', 'outcome', 'risk', 'urgency'] | test q: ['action', 'needs_review', 'outcome', 'risk', 'urgency']
train gold: {'action': 'human_review', 'needs_review': 'true', 'outcome': 'harmful', 'risk': '3', 'urgency': '3'} | test gold idx: {'action': 2, 'needs_review': 1, 'outcome': 2, 'risk': 1, 'urgency': 1}
====================================================================================================
measure 1.000  train row 182 (workflow agent_trace_observability)  vs  harness typed_decisions/4 (workflow agent_trace_observability)
TRAIN state: {"agent": {"autonomy": "unsupervised", "model": "internal-agent-v3"}, "constraints": ["Never delete anything matching release/*", "Do not force-push to any branch"], "task": "Reduce the nightly report job's runtime below fifteen minutes.", "trace_summary": {"constraint_violations": 1, "duration_s": 727.3, "irreversible_actions": 1, "steps": 4, "tool_errors": 0}}
TEST  state: {"agent": {"autonomy": "unsupervised", "model": "internal-agent-v3"}, "constraints": ["Never delete anything matching release/*", "Do not force-push to any branch"], "task": "Reduce the nightly report job's runtime below fifteen minutes.", "trace_summary": {"constraint_violations": 0, "duration_s": 191.7, "irreversible_actions": 0, "steps": 8, "tool_errors": 1}}
questions equal: True | train q: ['action', 'needs_review', 'outcome', 'risk', 'urgency'] | test q: ['action', 'needs_review', 'outcome', 'risk', 'urgency']
train gold: {'action': 'human_review', 'needs_review': 'true', 'outcome': 'harmful', 'risk': '3', 'urgency': '3'} | test gold idx: {'action': 0, 'needs_review': 0, 'outcome': 3, 'risk': 0, 'urgency': 0}
====================================================================================================
measure 0.917  train row 186 (workflow agent_trace_observability)  vs  harness typed_decisions/29 (workflow agent_trace_observability)
TRAIN state: {"agent": {"autonomy": "unsupervised", "model": "internal-agent-v4"}, "constraints": ["Never delete anything matching release/*"], "task": "Update every service to the patched logging library.", "trace_summary": {"constraint_violations": 1, "duration_s": 718.7, "irreversible_actions": 1, "steps": 5, "tool_errors": 0}}
TEST  state: {"agent": {"autonomy": "unsupervised", "model": "internal-agent-v1"}, "constraints": ["Never delete anything matching release/*"], "task": "Update every service to the patched logging library.", "trace_summary": {"constraint_violations": 0, "duration_s": 227.6, "irreversible_actions": 0, "steps": 3, "tool_errors": 2}}
questions equal: True | train q: ['action', 'needs_review', 'outcome', 'risk', 'urgency'] | test q: ['action', 'needs_review', 'outcome', 'risk', 'urgency']
train gold: {'action': 'human_review', 'needs_review': 'true', 'outcome': 'harmful', 'risk': '3', 'urgency': '3'} | test gold idx: {'action': 2, 'needs_review': 1, 'outcome': 2, 'risk': 1, 'urgency': 1}
====================================================================================================
measure 0.816  train row 292 (workflow agent_trace_observability)  vs  harness typed_decisions/75 (workflow agent_trace_observability)
TRAIN state: {"agent": {"autonomy": "unsupervised", "model": "internal-agent-v3"}, "constraints": ["Never modify production without an approved change ticket", "Do not exceed a $50 spend on cloud resources"], "task": "Triage and close duplicate issues in the support tracker.", "trace_summary": {"constraint_violations": 0, "duration_s": 602.5, "irreversible_actions": 1, "steps": 8, "tool_errors": 1}}
TEST  state: {"agent": {"autonomy": "unsupervised", "model": "internal-agent-v3"}, "constraints": ["Never modify production without an approved change ticket", "Never delete anything matching release/*", "Do not exceed a $50 spend on cloud resources"], "task": "Triage and close duplicate issues in the support tracker.", "trace_summary": {"constraint_violations": 0, "duration_s": 438.0, "irreversible_actions": 0, "steps": 10, "tool_errors": 1}}
questions equal: True | train q: ['action', 'needs_review', 'outcome', 'risk', 'urgency'] | test q: ['action', 'needs_review', 'outcome', 'risk', 'urgency']
train gold: {'action': 'human_review', 'needs_review': 'true', 'outcome': 'success', 'risk': '2', 'urgency': '1'} | test gold idx: {'action': 2, 'needs_review': 0, 'outcome': 3, 'risk': 1, 'urgency': 0}
====================================================================================================
measure 0.720  train row 90 (workflow agent_trace_observability)  vs  harness typed_decisions/62 (workflow agent_trace_observability)
TRAIN state: {"agent": {"autonomy": "unsupervised", "model": "internal-agent-v3"}, "constraints": ["Never disable monitoring or alerting", "Do not touch customer data outside the named accounts"], "task": "Provision a read replica for the reporting database.", "trace_summary": {"constraint_violations": 0, "duration_s": 631.7, "irreversible_actions": 0, "steps": 10, "tool_errors": 3}}
TEST  state: {"agent": {"autonomy": "checkpointed", "model": "internal-agent-v1"}, "constraints": ["Never disable monitoring or alerting", "Do not force-push to any branch", "Do not touch customer data outside the named accounts"], "task": "Provision a read replica for the reporting database.", "trace_summary": {"constraint_violations": 0, "duration_s": 58.0, "irreversible_actions": 0, "steps": 9, "tool_errors": 2}}
questions equal: True | train q: ['action', 'needs_review', 'outcome', 'risk', 'urgency'] | test q: ['action', 'needs_review', 'outcome', 'risk', 'urgency']
train gold: {'action': 'observe', 'needs_review': 'false', 'outcome': 'success', 'risk': '1', 'urgency': '0'} | test gold idx: {'action': 0, 'needs_review': 0, 'outcome': 3, 'risk': 1, 'urgency': 0}
====================================================================================================
measure 0.620  train row 700 (workflow invoice_processing)  vs  harness typed_decisions/281 (workflow invoice_processing)
TRAIN state: {"delivery": {"condition": "accepted", "date": "2026-03-06", "received_qty": 25}, "invoice": {"currency": "USD", "id": "INV-2026-3933", "lines": [{"qty": 25, "sku": "SKU-346", "total_usd": 5973.25, "unit_usd": 238.93}], "total_usd": 5973.25, "vendor": "Acme Fabrication"}, "payment": {"days_until_due": 44, "discount_expires_in_days": 3, "early_payment_discount_pct": 2.0, "status": "scheduled", "terms": "net 30"}, "purchase_order": {"freight_terms": "freight prepaid by vendor, not separately billable", "id": null, "lines": [{"qty": 25, "unit_usd": 238.93}], "total_usd": 5973.25}, "vendor_history": {"disputes_12m": 1, "invoices_12m": 6, "prior_invoice_ids": ["INV-2026-7649"]}}
TEST  state: {"delivery": {"condition": "accepted", "date": "2026-03-09", "received_qty": 400}, "invoice": {"currency": "USD", "id": "INV-2026-3419", "lines": [{"qty": 400, "sku": "SKU-205", "total_usd": 21056.0, "unit_usd": 52.64}], "total_usd": 21056.0, "vendor": "Acme Fabrication"}, "payment": {"days_until_due": 5, "discount_expires_in_days": null, "early_payment_discount_pct": null, "status": "scheduled", "terms": "net 30"}, "purchase_order": {"freight_terms": "freight prepaid by vendor, not separately billable", "id": "PO-3399", "lines": [{"qty": 400, "unit_usd": 52.64}], "total_usd": 21056.0}, "vendor_history": {"disputes_12m": 5, "invoices_12m": 12, "prior_invoice_ids": ["INV-2026-2234", "INV-2026-3902"]}}
questions equal: True | train q: ['discrepancy_severity', 'disposition', 'duplicate', 'matches_order', 'urgency'] | test q: ['discrepancy_severity', 'disposition', 'duplicate', 'matches_order', 'urgency']
train gold: {'discrepancy_severity': '0', 'disposition': 'approve', 'duplicate': 'false', 'matches_order': 'true', 'urgency': '2'} | test gold idx: {'discrepancy_severity': 0, 'disposition': 0, 'duplicate': 0, 'matches_order': 1, 'urgency': 2}
====================================================================================================
measure 0.519  train row 882 (workflow invoice_processing)  vs  harness typed_decisions/202 (workflow invoice_processing)
TRAIN state: {"delivery": {"condition": "accepted", "date": "2026-03-02", "received_qty": 100}, "invoice": {"currency": "USD", "id": "INV-2026-1835", "lines": [{"qty": 100, "sku": "SKU-792", "total_usd": 19939.0, "unit_usd": 199.39}, {"qty": 1, "sku": "FREIGHT", "total_usd": 1343.47, "unit_usd": 1343.47}], "total_usd": 21282.47, "vendor": "Northwind Components"}, "payment": {"days_until_due": 44, "discount_expires_in_days": null, "early_payment_discount_pct": null, "status": "scheduled", "terms": "net 45"}, "purchase_order": {"freight_terms": "freight prepaid by vendor, not separately billable", "id": "PO-5943", "lines": [{"qty": 100, "unit_usd": 199.39}], "total_usd": 19939.0}, "vendor_history": {"disputes_12m": 0, "invoices_12m": 52, "prior_invoice_ids": ["INV-2026-3022", "INV-2026-4152", "INV-2026-4811"]}}
TEST  state: {"delivery": {"condition": "accepted", "date": "2026-03-18", "received_qty": 10}, "invoice": {"currency": "USD", "id": "INV-2026-9785", "lines": [{"qty": 10, "sku": "SKU-487", "total_usd": 1625.0, "unit_usd": 162.5}], "total_usd": 1625.0, "vendor": "Northwind Components"}, "payment": {"days_until_due": 2, "discount_expires_in_days": null, "early_payment_discount_pct": null, "status": "scheduled", "terms": "net 30"}, "purchase_order": {"freight_terms": "freight prepaid by vendor, not separately billable", "id": "PO-2291", "lines": [{"qty": 10, "unit_usd": 162.5}], "total_usd": 1625.0}, "vendor_history": {"disputes_12m": 1, "invoices_12m": 54, "prior_invoice_ids": ["INV-2026-4150", "INV-2026-2139", "INV-2026-1750"]}}
questions equal: True | train q: ['discrepancy_severity', 'disposition', 'duplicate', 'matches_order', 'urgency'] | test q: ['discrepancy_severity', 'disposition', 'duplicate', 'matches_order', 'urgency']
train gold: {'discrepancy_severity': '3', 'disposition': 'manual_review', 'duplicate': 'false', 'matches_order': 'false', 'urgency': '1'} | test gold idx: {'discrepancy_severity': 0, 'disposition': 0, 'duplicate': 0, 'matches_order': 1, 'urgency': 2}
